\e[2J\e[H\e[32C\e[0;36;40m--\e[1m== \e[33mCombat \e[36m==\e[0;36m--    \e[37m+--------------------------+
\e[2H \e[1;47m#\e[30m#################################################\e[1C\e[0m|  \e[1;32mCharacter Information   \e[0m|
\e[3H \e[1;47m#\e[48C\e[30m#\e[1C\e[0m+--------------------------+
\e[4H \e[1;47m#\e[48C\e[30m#\e[1C\e[0m|\e[33C\e[0m|
\e[5H \e[1;47m#\e[48C\e[30m#\e[1C\e[0m|\e[1;34mMovement  :\e[15C\e[0m|
\e[6H \e[1;47m#\e[48C\e[30m#\e[1C\e[0m|\e[1;34mHit Pts   :\e[15C\e[0m|
\e[7H \e[1;47m#\e[48C\e[30m#\e[1C\e[0m|\e[1;34mPsyche Pts:\e[15C\e[0m|
\e[8H \e[1;47m#\e[48C\e[30m#\e[1C\e[0m|\e[1;33mWeapons\e[0m-------------------+
\e[9H \e[1;47m#\e[48C\e[30m#\e[1C\e[0m|\e[1;36m1-\e[24C\e[0m|
\e[10H \e[1;47m#\e[48C\e[30m#\e[1C\e[0m|\e[1;36m2-\e[24C\e[0m|
\e[11H \e[1;47m#\e[48C\e[30m#\e[1C\e[0m|\e[1;36m3-\e[24C\e[0m|
\e[12H \e[1;47m#\e[48C\e[30m#\e[1C\e[0m|\e[1;33mArmor\e[0m---------------------+
\e[13H \e[1;47m#\e[48C\e[30m#\e[1C\e[0m|\e[1;36m1-\e[24C\e[0m|
\e[14H \e[1;47m#\e[48C\e[30m#\e[1C\e[0m|\e[1;36m2-\e[24C\e[0m|
\e[15H \e[1;47m#################################################\e[30m#\e[1C\e[0m+--------------------------+
\e[16H\e[1;36mYour Choice [R=Quit]\e[32C\e[47m       \e[34m.\e[1m.\e[0;36;47m:\e[30mCommands\e[36m:\e[1;34;47m.\e[0;34;47m.       \e[0m
\e[17H\e[1;34m+-\e[0;36m=\e[1;34m-\e[0;36m=\e[1;34m-\e[0;36m=\e[1;34m-\e[0;36m=\e[1;34m-\e[0;36m=\e[1;34m-\e[0;36m=\e[1;34m-\e[0;36m=\e[1;34m-\e[0;36m=\e[1;34m-\e[0;36m=\e[1;34m-\e[0;36m=\e[1;34m-\e[1;32mStatus\e[1;34m-\e[0;36m=\e[1;34m-\e[0;36m=\e[1;34m-\e[0;36m=\e[1;34m-\e[0;36m=\e[1;34m-\e[0;36m=\e[1;34m-\e[0;36m=\e[1;34m-\e[0;36m=\e[1;34m-\e[0;36m=\e[1;34m-\e[0;36m=\e[1;34m-\e[0;36m=\e[1;34m-+  \e[36mI,K,J,L: \e[0;36mUp, Dn, Lt, Rt
\e[18H
\e[0;36m|\e[48C|
\e[19H\e[1;36m
|\e[48C|  \e[1;33mA\e[0m: \e[35mAttack\e[6C\e[1;33mE\e[0m: \e[35mExamine
\e[20H\e[1;37m|\e[48C|  \e[1;33mU\e[0m: \e[35mUse Item    \e[1;33mR\e[0m: \e[35mRun
\e[21H\e[1;36m|\e[48C|  \e[1;33mS\e[0m: \e[35mSpecial\e[5C\e[1;33m*\e[0m: \e[35mRedraw
\e[22H
\e[0;36m|\e[48C|  \e[1;33mF\e[0m: \e[35mFire Weapon \e[1;33mP\e[0m: \e[35mPass
\e[23H\e[1;34m+------------------------------------------------+\e[0m
