\e[2J\e[H
   \e[0;35m─────\e[31mFranks's\e[35m──\e[31mInn\e[35m──────────────────────────────

   \e[1;34m(\e[1;30mT\e[1;34m)alk to Innkeep
        \e[1;34m(\e[1;30mL\e[1;34m)ook Arround
   \e[1;34m(\e[0;31mR\e[1;34m)ent a Room            \e[1;34m(\e[1;30mV\e[1;34m)iew Something

   \e[1;34m(\e[0;31m?\e[1;34m)Display Menu
          \e[1;34m(\e[0;31mQ\e[1;34m)uit to Town

   \e[0;35m───────────────────────────────────\e[37m
